#
# There is insufficient memory for the Java Runtime Environment to continue.
# Native memory allocation (mmap) failed to map 536870912 bytes for G1 virtual space
# Possible reasons:
#   The system is out of physical RAM or swap space
#   The process is running with CompressedOops enabled, and the Java Heap may be blocking the growth of the native heap
# Possible solutions:
#   Reduce memory load on the system
#   Increase physical memory or swap space
#   Check if swap backing store is full
#   Decrease Java heap size (-Xmx/-Xms)
#   Decrease number of Java threads
#   Decrease Java thread stack sizes (-Xss)
#   Set larger code cache with -XX:ReservedCodeCacheSize=
#   JVM is running with Zero Based Compressed Oops mode in which the Java heap is
#     placed in the first 32GB address space. The Java Heap base address is the
#     maximum limit for the native heap growth. Please use -XX:HeapBaseMinAddress
#     to set the Java Heap base and to place the Java Heap above 32GB virtual address.
# This output file may be truncated or incomplete.
#
#  Out of Memory Error (os_windows.cpp:3769), pid=35256, tid=28328
#
# JRE version:  (17.0.6+7) (build )
# Java VM: OpenJDK 64-Bit Server VM (17.0.6+7-b469.82, mixed mode, sharing, tiered, compressed oops, compressed class ptrs, g1 gc, windows-amd64)
# No core dump will be written. Minidumps are not enabled by default on client versions of Windows
#

---------------  S U M M A R Y ------------

Command Line: git4idea.http.GitAskPassApp Username for 'https://github.com':

Host: Intel(R) Core(TM) i7-9700 CPU @ 3.00GHz, 8 cores, 31G,  Windows 11 , 64 bit Build 26100 (10.0.26100.3037)
Time: Mon Mar  3 09:57:07 2025 SE Asia Standard Time elapsed time: 1.231615 seconds (0d 0h 0m 1s)

---------------  T H R E A D  ---------------

Current thread (0x000001fca2efe990):  JavaThread "Unknown thread" [_thread_in_vm, id=28328, stack(0x000000addb900000,0x000000addba00000)]

Stack: [0x000000addb900000,0x000000addba00000]
Native frames: (J=compiled Java code, j=interpreted, Vv=VM code, C=native code)
V  [jvm.dll+0x683b4a]
V  [jvm.dll+0x842654]
V  [jvm.dll+0x843dfe]
V  [jvm.dll+0x844463]
V  [jvm.dll+0x249b75]
V  [jvm.dll+0x680a19]
V  [jvm.dll+0x674f0a]
V  [jvm.dll+0x309acb]
V  [jvm.dll+0x310f86]
V  [jvm.dll+0x3608ee]
V  [jvm.dll+0x360b1f]
V  [jvm.dll+0x2dfbf8]
V  [jvm.dll+0x2e0b64]
V  [jvm.dll+0x813f41]
V  [jvm.dll+0x36e6a1]
V  [jvm.dll+0x7f347c]
V  [jvm.dll+0x3f0e8f]
V  [jvm.dll+0x3f29d1]
C  [jli.dll+0x526b]
C  [ucrtbase.dll+0x37b0]
C  [KERNEL32.DLL+0x2e8d7]
C  [ntdll.dll+0xbbf2c]


---------------  P R O C E S S  ---------------

Threads class SMR info:
_java_thread_list=0x00007ffa5c93c058, length=0, elements={
}

Java Threads: ( => current thread )

Other Threads:
  0x000001fca2fac530 GCTaskThread "GC Thread#0" [stack: 0x000000addba00000,0x000000addbb00000] [id=7984]
  0x000001fca2fbd2b0 ConcurrentGCThread "G1 Main Marker" [stack: 0x000000addbb00000,0x000000addbc00000] [id=14064]
  0x000001fca2fbdcc0 ConcurrentGCThread "G1 Conc#0" [stack: 0x000000addbc00000,0x000000addbd00000] [id=27976]

[error occurred during error reporting (printing all threads), id 0xc0000005, EXCEPTION_ACCESS_VIOLATION (0xc0000005) at pc=0x00007ffa5c0f0797]

VM state: not at safepoint (not fully initialized)

VM Mutex/Monitor currently owned by a thread:  ([mutex/lock_event])
[0x000001fca2ef9620] Heap_lock - owner thread: 0x000001fca2efe990

Heap address: 0x0000000603800000, size: 8136 MB, Compressed Oops mode: Zero based, Oop shift amount: 3

CDS archive(s) mapped at: [0x0000000000000000-0x0000000000000000-0x0000000000000000), size 0, SharedBaseAddress: 0x0000000800000000, ArchiveRelocationMode: 0.
Narrow klass base: 0x0000000000000000, Narrow klass shift: 0, Narrow klass range: 0x0

GC Precious Log:
<Empty>

Heap:
 garbage-first heap   total 0K, used 0K [0x0000000603800000, 0x0000000800000000)
  region size 4096K, 0 young (0K), 0 survivors (0K)

[error occurred during error reporting (printing heap information), id 0xc0000005, EXCEPTION_ACCESS_VIOLATION (0xc0000005) at pc=0x00007ffa5c4dd939]

GC Heap History (0 events):
No events

Dll operation events (1 events):
Event: 0.009 Loaded shared library C:\Program Files\JetBrains\PhpStorm 2022.2.2\jbr\bin\java.dll

Deoptimization events (0 events):
No events

Classes unloaded (0 events):
No events

Classes redefined (0 events):
No events

Internal exceptions (0 events):
No events

VM Operations (0 events):
No events

Events (0 events):
No events


Dynamic libraries:
0x00007ff602e20000 - 0x00007ff602e2a000 	C:\Program Files\JetBrains\PhpStorm 2022.2.2\jbr\bin\java.exe
0x00007ffaa6220000 - 0x00007ffaa6483000 	C:\WINDOWS\SYSTEM32\ntdll.dll
0x00007ffaa5680000 - 0x00007ffaa5747000 	C:\WINDOWS\System32\KERNEL32.DLL
0x00007ffaa36f0000 - 0x00007ffaa3ab7000 	C:\WINDOWS\System32\KERNELBASE.dll
0x00007ffaa3b80000 - 0x00007ffaa3ccc000 	C:\WINDOWS\System32\ucrtbase.dll
0x00007ffa8d170000 - 0x00007ffa8d18b000 	C:\Program Files\JetBrains\PhpStorm 2022.2.2\jbr\bin\VCRUNTIME140.dll
0x00007ffa8ca80000 - 0x00007ffa8ca97000 	C:\Program Files\JetBrains\PhpStorm 2022.2.2\jbr\bin\jli.dll
0x00007ffaa4b30000 - 0x00007ffaa4cf9000 	C:\WINDOWS\System32\USER32.dll
0x00007ffa87660000 - 0x00007ffa878f0000 	C:\WINDOWS\WinSxS\amd64_microsoft.windows.common-controls_6595b64144ccf1df_6.0.26100.3037_none_3e09262ce333c378\COMCTL32.dll
0x00007ffaa3e00000 - 0x00007ffaa3e27000 	C:\WINDOWS\System32\win32u.dll
0x00007ffaa59f0000 - 0x00007ffaa5a99000 	C:\WINDOWS\System32\msvcrt.dll
0x00007ffaa4b00000 - 0x00007ffaa4b2a000 	C:\WINDOWS\System32\GDI32.dll
0x00007ffaa35c0000 - 0x00007ffaa36eb000 	C:\WINDOWS\System32\gdi32full.dll
0x00007ffaa3e30000 - 0x00007ffaa3ed3000 	C:\WINDOWS\System32\msvcp_win.dll
0x00007ffaa5950000 - 0x00007ffaa597f000 	C:\WINDOWS\System32\IMM32.DLL
0x00007ffa91a40000 - 0x00007ffa91a4c000 	C:\Program Files\JetBrains\PhpStorm 2022.2.2\jbr\bin\vcruntime140_1.dll
0x00007ffa71410000 - 0x00007ffa7149d000 	C:\Program Files\JetBrains\PhpStorm 2022.2.2\jbr\bin\msvcp140.dll
0x00007ffa5be00000 - 0x00007ffa5ca6d000 	C:\Program Files\JetBrains\PhpStorm 2022.2.2\jbr\bin\server\jvm.dll
0x00007ffaa4190000 - 0x00007ffaa4244000 	C:\WINDOWS\System32\ADVAPI32.dll
0x00007ffaa6130000 - 0x00007ffaa61d6000 	C:\WINDOWS\System32\sechost.dll
0x00007ffaa4060000 - 0x00007ffaa4176000 	C:\WINDOWS\System32\RPCRT4.dll
0x00007ffa84d70000 - 0x00007ffa84d7a000 	C:\WINDOWS\SYSTEM32\WSOCK32.dll
0x00007ffa92730000 - 0x00007ffa92766000 	C:\WINDOWS\SYSTEM32\WINMM.dll
0x00007ffa96460000 - 0x00007ffa9646b000 	C:\WINDOWS\SYSTEM32\VERSION.dll
0x00007ffaa5fb0000 - 0x00007ffaa6024000 	C:\WINDOWS\System32\WS2_32.dll
0x00007ffaa23b0000 - 0x00007ffaa23ca000 	C:\WINDOWS\SYSTEM32\kernel.appcore.dll
0x00007ffa8a470000 - 0x00007ffa8a47a000 	C:\Program Files\JetBrains\PhpStorm 2022.2.2\jbr\bin\jimage.dll
0x00007ffa87900000 - 0x00007ffa87b41000 	C:\WINDOWS\SYSTEM32\DBGHELP.DLL
0x00007ffaa4250000 - 0x00007ffaa45ce000 	C:\WINDOWS\System32\combase.dll
0x00007ffaa5870000 - 0x00007ffaa5946000 	C:\WINDOWS\System32\OLEAUT32.dll
0x00007ffa8d730000 - 0x00007ffa8d769000 	C:\WINDOWS\SYSTEM32\dbgcore.DLL
0x00007ffaa3cd0000 - 0x00007ffaa3d69000 	C:\WINDOWS\System32\bcryptPrimitives.dll
0x00007ffa7ef30000 - 0x00007ffa7ef55000 	C:\Program Files\JetBrains\PhpStorm 2022.2.2\jbr\bin\java.dll

dbghelp: loaded successfully - version: 4.0.5 - missing functions: none
symbol engine: initialized successfully - sym options: 0x614 - pdb path: .;C:\Program Files\JetBrains\PhpStorm 2022.2.2\jbr\bin;C:\WINDOWS\SYSTEM32;C:\WINDOWS\WinSxS\amd64_microsoft.windows.common-controls_6595b64144ccf1df_6.0.26100.3037_none_3e09262ce333c378;C:\Program Files\JetBrains\PhpStorm 2022.2.2\jbr\bin\server

VM Arguments:
java_command: git4idea.http.GitAskPassApp Username for 'https://github.com':
java_class_path (initial): C:/Program Files/JetBrains/PhpStorm 2022.2.2/plugins/git4idea/lib/git4idea-rt.jar;C:/Program Files/JetBrains/PhpStorm 2022.2.2/lib/externalProcess-rt.jar;C:/Program Files/JetBrains/PhpStorm 2022.2.2/lib/app.jar;C:/Program Files/JetBrains/PhpStorm 2022.2.2/lib/3rd-party-rt.jar
Launcher Type: SUN_STANDARD

[Global flags]
     intx CICompilerCount                          = 4                                         {product} {ergonomic}
     uint ConcGCThreads                            = 2                                         {product} {ergonomic}
     uint G1ConcRefinementThreads                  = 8                                         {product} {ergonomic}
   size_t G1HeapRegionSize                         = 4194304                                   {product} {ergonomic}
    uintx GCDrainStackTargetSize                   = 64                                        {product} {ergonomic}
   size_t InitialHeapSize                          = 536870912                                 {product} {ergonomic}
   size_t MarkStackSize                            = 4194304                                   {product} {ergonomic}
   size_t MaxHeapSize                              = 8531214336                                {product} {ergonomic}
   size_t MinHeapDeltaBytes                        = 4194304                                   {product} {ergonomic}
   size_t MinHeapSize                              = 8388608                                   {product} {ergonomic}
    uintx NonNMethodCodeHeapSize                   = 5839372                                {pd product} {ergonomic}
    uintx NonProfiledCodeHeapSize                  = 122909434                              {pd product} {ergonomic}
    uintx ProfiledCodeHeapSize                     = 122909434                              {pd product} {ergonomic}
    uintx ReservedCodeCacheSize                    = 251658240                              {pd product} {ergonomic}
     bool SegmentedCodeCache                       = true                                      {product} {ergonomic}
   size_t SoftMaxHeapSize                          = 8531214336                             {manageable} {ergonomic}
     bool UseCompressedClassPointers               = true                           {product lp64_product} {ergonomic}
     bool UseCompressedOops                        = true                           {product lp64_product} {ergonomic}
     bool UseG1GC                                  = true                                      {product} {ergonomic}
     bool UseLargePagesIndividualAllocation        = false                                  {pd product} {ergonomic}

Logging:
Log output configuration:
 #0: stdout all=warning uptime,level,tags
 #1: stderr all=off uptime,level,tags

Environment Variables:
PATH=C:\Program Files\Git\mingw64\libexec\git-core;C:\Program Files\Git\mingw64\libexec\git-core;C:\Program Files\Git\mingw64\bin;C:\Program Files\Git\usr\bin;C:\Users\shen1\bin;C:\Program Files\Common Files\Oracle\Java\javapath;C:\Program Files (x86)\Common Files\Oracle\Java\java8path;C:\Program Files (x86)\Common Files\Oracle\Java\javapath;C:\WINDOWS\system32;C:\WINDOWS;C:\WINDOWS\System32\Wbem;C:\WINDOWS\System32\WindowsPowerShell\v1.0;C:\WINDOWS\System32\OpenSSH;C:\Program Files\Git\cmd;C:\UniServerZ\core\php82;C:\ProgramData\ComposerSetup\bin;C:\Program Files\Microsoft SQL Server\150\Tools\Binn;C:\Python27;C:\Program Files\nodejs;C:\Program Files (x86)\NetSarang\Xshell 7;C:\Program Files (x86)\NetSarang\Xftp 7;C:\Tools\watchman\bin;E:\uniserver\UniServerZ\vhosts\pdf\libs;C:\Program Files\gs\gs10.01.2\bin;C:\Program Files\nodejs\node.exe;C:\Program Files\Java\jdk-19;C:\Users\shen1\AppData\Local\Microsoft\WindowsApps;C:\Users\shen1\AppData\Roaming\Composer\vendor\bin;C:\Users\shen1\AppData\Roaming\npm
USERNAME=shen1
DISPLAY=:0.0
LC_ALL=en_US.UTF-8
TERM=xterm-256color
TMPDIR=C:\Users\shen1\AppData\Local\Temp
OS=Windows_NT
PROCESSOR_IDENTIFIER=Intel64 Family 6 Model 158 Stepping 13, GenuineIntel
TMP=C:\Users\shen1\AppData\Local\Temp
TEMP=C:\Users\shen1\AppData\Local\Temp



---------------  S Y S T E M  ---------------

OS:
 Windows 11 , 64 bit Build 26100 (10.0.26100.3037)
OS uptime: 12 days 0:43 hours
Hyper-V role detected

CPU: total 8 (initial active 8) (8 cores per cpu, 1 threads per core) family 6 model 158 stepping 13 microcode 0xfc, cx8, cmov, fxsr, mmx, 3dnowpref, sse, sse2, sse3, ssse3, sse4.1, sse4.2, popcnt, lzcnt, tsc, tscinvbit, avx, avx2, aes, erms, clmul, bmi1, bmi2, adx, fma, vzeroupper, clflush, clflushopt, hv

Memory: 4k page, system-wide physical 32542M (10861M free)
TotalPageFile size 32542M (AvailPageFile size 403M)
current process WorkingSet (physical memory assigned to process): 12M, peak: 12M
current process commit charge ("private bytes"): 60M, peak: 572M

vm_info: OpenJDK 64-Bit Server VM (17.0.6+7-b469.82) for windows-amd64 JRE (17.0.6+7-b469.82), built on 2023-03-05 by "builduser" with MS VC++ 16.10 / 16.11 (VS2019)

END.
